main.c:102:6:clear	24	static
main.c:112:6:ShiftBit	24	static
main.c:123:6:BuildMessage	32	static
main.c:128:6:decrypt	40	static
main.c:162:15:ParseMessage	32	static
main.c:169:6:HAL_GPIO_EXTI_Callback	16	static
main.c:207:6:HAL_TIM_PeriodElapsedCallback	16	static
main.c:216:6:HAL_SPI_TxCpltCallback	16	static
main.c:235:6:HAL_SPI_RxCpltCallback	16	static
main.c:290:6:HAL_SPI_TxRxCpltCallback	16	static
main.c:302:5:main	8	static
main.c:363:6:SystemClock_Config	232	static
main.c:425:13:MX_ETH_Init	8	static
main.c:472:13:MX_SPI4_Init	8	static
main.c:511:13:MX_TIM14_Init	8	static
main.c:542:13:MX_USART3_UART_Init	8	static
main.c:577:13:MX_USB_OTG_FS_PCD_Init	8	static
main.c:610:13:MX_DMA_Init	16	static
main.c:631:13:MX_GPIO_Init	56	static
main.c:696:6:Error_Handler	4	static,ignoring_inline_asm
