main.c:100:6:clear	24	static
main.c:108:6:HAL_TIM_PeriodElapsedCallback	16	static
main.c:116:6:SetEuler	24	static
main.c:175:6:ReqEuler	24	static
main.c:229:6:sendDummy	24	static
main.c:246:5:main	8	static
main.c:311:6:SystemClock_Config	232	static
main.c:373:13:MX_ETH_Init	8	static
main.c:420:13:MX_SPI4_Init	8	static
main.c:460:13:MX_TIM14_Init	8	static
main.c:491:13:MX_USART3_UART_Init	8	static
main.c:526:13:MX_USB_OTG_FS_PCD_Init	8	static
main.c:559:13:MX_DMA_Init	16	static
main.c:580:13:MX_GPIO_Init	56	static
main.c:645:6:Error_Handler	4	static,ignoring_inline_asm
