stm32f2xx_hal_dac.c:284:19:HAL_DAC_Init	16	static
stm32f2xx_hal_dac.c:345:19:HAL_DAC_DeInit	16	static
stm32f2xx_hal_dac.c:390:13:HAL_DAC_MspInit	16	static
stm32f2xx_hal_dac.c:406:13:HAL_DAC_MspDeInit	16	static
stm32f2xx_hal_dac.c:448:19:HAL_DAC_Start	16	static
stm32f2xx_hal_dac.c:503:19:HAL_DAC_Stop	16	static
stm32f2xx_hal_dac.c:535:19:HAL_DAC_Start_DMA	32	static
stm32f2xx_hal_dac.c:667:19:HAL_DAC_Stop_DMA	16	static
stm32f2xx_hal_dac.c:715:6:HAL_DAC_IRQHandler	16	static
stm32f2xx_hal_dac.c:788:19:HAL_DAC_SetValue	32	static
stm32f2xx_hal_dac.c:822:13:HAL_DAC_ConvCpltCallbackCh1	16	static
stm32f2xx_hal_dac.c:838:13:HAL_DAC_ConvHalfCpltCallbackCh1	16	static
stm32f2xx_hal_dac.c:854:13:HAL_DAC_ErrorCallbackCh1	16	static
stm32f2xx_hal_dac.c:870:13:HAL_DAC_DMAUnderrunCallbackCh1	16	static
stm32f2xx_hal_dac.c:909:10:HAL_DAC_GetValue	24	static
stm32f2xx_hal_dac.c:941:19:HAL_DAC_ConfigChannel	32	static
stm32f2xx_hal_dac.c:1008:22:HAL_DAC_GetState	16	static
stm32f2xx_hal_dac.c:1021:10:HAL_DAC_GetError	16	static
stm32f2xx_hal_dac.c:1287:6:DAC_DMAConvCpltCh1	24	static
stm32f2xx_hal_dac.c:1306:6:DAC_DMAHalfConvCpltCh1	24	static
stm32f2xx_hal_dac.c:1323:6:DAC_DMAErrorCh1	24	static
