16:20:07 **** Build of configuration Debug for project Dummy_OCU ****
make -j8 all 
arm-none-eabi-gcc "../Core/Src/main.c" -mcpu=cortex-m7 -std=gnu11 -g3 -DDEBUG -DUSE_HAL_DRIVER -DSTM32F767xx -c -I../Core/Inc -I../Drivers/STM32F7xx_HAL_Driver/Inc -I../Drivers/STM32F7xx_HAL_Driver/Inc/Legacy -I../Drivers/CMSIS/Device/ST/STM32F7xx/Include -I../Drivers/CMSIS/Include -I"C:/Users/HEIN.H/STM32CubeIDE/workspace_1.8.0/Dummy_OCU/Core/Communication" -O0 -ffunction-sections -fdata-sections -Wall -fstack-usage -MMD -MP -MF"Core/Src/main.d" -MT"Core/Src/main.o" --specs=nano.specs -mfpu=fpv5-d16 -mfloat-abi=hard -mthumb -o "Core/Src/main.o"
arm-none-eabi-gcc -o "Dummy_OCU.elf" @"objects.list"   -mcpu=cortex-m7 -T"C:\Users\HEIN.H\STM32CubeIDE\workspace_1.8.0\Dummy_OCU\STM32F767ZITX_FLASH.ld" --specs=nosys.specs -Wl,-Map="Dummy_OCU.map" -Wl,--gc-sections -static --specs=nano.specs -mfpu=fpv5-d16 -mfloat-abi=hard -mthumb -Wl,--start-group -lc -lm -Wl,--end-group
Finished building target: Dummy_OCU.elf
 
arm-none-eabi-size   Dummy_OCU.elf 
arm-none-eabi-objdump -h -S  Dummy_OCU.elf  > "Dummy_OCU.list"
arm-none-eabi-objcopy  -O binary  Dummy_OCU.elf  "Dummy_OCU.bin"
   text	   data	    bss	    dec	    hex	filename
  20640	     20	   3540	  24200	   5e88	Dummy_OCU.elf
Finished building: default.size.stdout
 
Finished building: Dummy_OCU.bin
 
Finished building: Dummy_OCU.list
 

16:20:10 Build Finished. 0 errors, 0 warnings. (took 2s.834ms)

