17:42:32 **** Incremental Build of configuration Debug for project DummyOCU ****
make -j8 all 
arm-none-eabi-gcc "../Core/Src/main.c" -mcpu=cortex-m0 -std=gnu11 -g3 -DDEBUG -DUSE_HAL_DRIVER -DSTM32F091xC -c -I../Core/Inc -I../Drivers/STM32F0xx_HAL_Driver/Inc -I../Drivers/STM32F0xx_HAL_Driver/Inc/Legacy -I../Drivers/CMSIS/Device/ST/STM32F0xx/Include -I../Drivers/CMSIS/Include -I"C:/Users/HEIN.H/STM32CubeIDE/workspace_1.8.0/DummyOCU/Core/Communication" -O0 -ffunction-sections -fdata-sections -Wall -fstack-usage -MMD -MP -MF"Core/Src/main.d" -MT"Core/Src/main.o" --specs=nano.specs -mfloat-abi=soft -mthumb -o "Core/Src/main.o"
arm-none-eabi-gcc -o "DummyOCU.elf" @"objects.list"   -mcpu=cortex-m0 -T"C:\Users\HEIN.H\STM32CubeIDE\workspace_1.8.0\DummyOCU\STM32F091RCTX_FLASH.ld" --specs=nosys.specs -Wl,-Map="DummyOCU.map" -Wl,--gc-sections -static --specs=nano.specs -mfloat-abi=soft -mthumb -Wl,--start-group -lc -lm -Wl,--end-group
Finished building target: DummyOCU.elf
 
arm-none-eabi-size   DummyOCU.elf 
arm-none-eabi-objdump -h -S  DummyOCU.elf  > "DummyOCU.list"
arm-none-eabi-objcopy  -O binary  DummyOCU.elf  "DummyOCU.bin"
   text	   data	    bss	    dec	    hex	filename
  11192	     20	   2372	  13584	   3510	DummyOCU.elf
Finished building: default.size.stdout
 
Finished building: DummyOCU.bin
 
Finished building: DummyOCU.list
 

17:42:33 Build Finished. 0 errors, 0 warnings. (took 672ms)

