23:19:23 **** Incremental Build of configuration Debug for project io_testing ****
make -j8 all 
arm-none-eabi-gcc "../Core/Src/main.c" -mcpu=cortex-m0 -std=gnu11 -g3 -DDEBUG -DUSE_HAL_DRIVER -DSTM32F091xC -c -I../Core/Inc -I../Drivers/STM32F0xx_HAL_Driver/Inc -I../Drivers/STM32F0xx_HAL_Driver/Inc/Legacy -I../Drivers/CMSIS/Device/ST/STM32F0xx/Include -I../Drivers/CMSIS/Include -O0 -ffunction-sections -fdata-sections -Wall -fstack-usage -MMD -MP -MF"Core/Src/main.d" -MT"Core/Src/main.o" --specs=nano.specs -mfloat-abi=soft -mthumb -o "Core/Src/main.o"
arm-none-eabi-gcc -o "io_testing.elf" @"objects.list"   -mcpu=cortex-m0 -T"C:\Users\HEIN.H\STM32CubeIDE\workspace_1.8.0\io_testing\STM32F091RCTX_FLASH.ld" --specs=nosys.specs -Wl,-Map="io_testing.map" -Wl,--gc-sections -static --specs=nano.specs -mfloat-abi=soft -mthumb -Wl,--start-group -lc -lm -Wl,--end-group
Finished building target: io_testing.elf
 
arm-none-eabi-size   io_testing.elf 
arm-none-eabi-objdump -h -S  io_testing.elf  > "io_testing.list"
arm-none-eabi-objcopy  -O binary  io_testing.elf  "io_testing.bin"
   text	   data	    bss	    dec	    hex	filename
   8596	     20	   1716	  10332	   285c	io_testing.elf
Finished building: default.size.stdout
 
Finished building: io_testing.bin
 
Finished building: io_testing.list
 

23:19:24 Build Finished. 0 errors, 0 warnings. (took 925ms)

