main.c:99:6:EncryptMessage	40	static
main.c:104:15:BreakMessage	40	static
main.c:109:6:DecryptMessage	32	static
main.c:140:6:HAL_GPIO_EXTI_Callback	16	static
main.c:166:6:HAL_TIM_PeriodElapsedCallback	16	static
main.c:175:6:HAL_SPI_TxCpltCallback	16	static
main.c:191:6:HAL_SPI_RxCpltCallback	16	static
main.c:227:6:HAL_SPI_TxRxCpltCallback	16	static
main.c:247:5:main	8	static
main.c:295:6:SystemClock_Config	112	static
main.c:339:13:MX_SPI1_Init	8	static
main.c:378:13:MX_TIM14_Init	8	static
main.c:409:13:MX_USART2_UART_Init	8	static
main.c:442:13:MX_DMA_Init	16	static
main.c:460:13:MX_GPIO_Init	56	static
main.c:502:6:Error_Handler	8	static,ignoring_inline_asm
